/*C1*/SET SCHEMA SYSTEM_LOBS
INSERT INTO BLOCKS VALUES(0,2147483647,0)
COMMIT
/*C2*/SET SCHEMA PUBLIC
DISCONNECT
/*C3*/SET SCHEMA PUBLIC
DISCONNECT
/*C4*/SET SCHEMA PUBLIC
CREATE TABLE task ( name VARCHAR(255) )
DISCONNECT
/*C5*/SET SCHEMA PUBLIC
INSERT INTO TASK VALUES('Buy Food')
COMMIT
DISCONNECT
/*C6*/SET SCHEMA PUBLIC
DISCONNECT
